---
source: crates/wt-core/src/report.rs
expression: envelope
---
{
  "wt": {
    "schema": 1,
    "version": "VERSION"
  },
  "ok": true,
  "command": "command",
  "data": {
    "trees": [
      {
        "target": "repo/work",
        "label": "repo",
        "name": "work",
        "canonical": false,
        "tree_id": "TREE",
        "path": "/tree",
        "slot": 0,
        "geometry": {
          "base": 20000,
          "stride": 16,
          "port_base": 20000
        },
        "phase": "ready",
        "branch": "main",
        "detached_sha": null,
        "dirty": {
          "modified": 0,
          "untracked": 0
        },
        "upstream": {
          "ahead": 0,
          "behind": 0
        },
        "behind_default": 0,
        "sync": {
          "state": "never",
          "at": null,
          "changed": [],
          "drift": []
        },
        "verify": {
          "ok": true,
          "at": "TIME"
        },
        "session": "no",
        "session_name": "session",
        "agent": null,
        "resources": [
          {
            "scope": ".",
            "task": "db",
            "tied_to": "tree",
            "name": "repo_db",
            "state": "declared",
            "reason": null,
            "external": false,
            "undeclared": false,
            "has_instance": false,
            "last_probe": {
              "at": "TIME",
              "result": "absent"
            },
            "last_error": {
              "at": "TIME",
              "event": "probe",
              "message": "none"
            }
          }
        ],
        "ports": [
          {
            "name": "http",
            "port": 20000,
            "bound": false
          }
        ],
        "disk_kb": null
      }
    ],
    "locks": [
      {
        "name": "repo/work",
        "label": "repo",
        "holder": {
          "pid": 42,
          "target": "repo/work",
          "verb": "run",
          "since": "TIME"
        }
      }
    ]
  },
  "notices": [
    {
      "level": "info",
      "code": "EXAMPLE",
      "subject": "repo/work",
      "message": "example notice"
    }
  ],
  "error": null
}
