---
source: tests/json_snapshots.rs
expression: "normalize(value, &h.root)"
---
{
  "command": "clone",
  "data": {
    "cloned": true,
    "config_errors": [],
    "declared": {
      "bin": [],
      "copy": [],
      "env": [],
      "files": [],
      "ports": [],
      "resources": [],
      "tasks": []
    },
    "gitdir_id": "<gitdir_id>",
    "hub": "$ROOT/clone/hub.git",
    "label": "clone",
    "path": "$ROOT/clone/canonical",
    "registered": true,
    "resumed": false,
    "tree": {
      "agent": null,
      "behind_default": 0,
      "branch": null,
      "build": null,
      "build_kb": null,
      "canonical": true,
      "detached_sha": "<detached_sha>",
      "dirty": {
        "modified": 0,
        "untracked": 0
      },
      "disk_kb": null,
      "geometry": {
        "base": 20000,
        "port_base": 20032,
        "stride": 16
      },
      "label": "clone",
      "meta": {},
      "name": "canonical",
      "path": "$ROOT/clone/canonical",
      "phase": "ready",
      "ports": [],
      "resources": [],
      "session": "no",
      "session_name": "clone",
      "slot": 2,
      "sync": {
        "at": null,
        "changed": [],
        "drift": [],
        "state": "never"
      },
      "target": "clone",
      "tree_id": "<tree_id>",
      "upstream": null,
      "verify": null
    },
    "url": "$ROOT/repos/source"
  },
  "error": null,
  "notices": [],
  "ok": true,
  "wt": {
    "schema": 1,
    "version": "<version>"
  }
}
