---
source: tests/json_snapshots.rs
expression: "normalize(value, &h.root)"
---
{
  "command": "open",
  "data": {
    "sessions": [
      {
        "agent": null,
        "created": true,
        "existing": false,
        "foreground": false,
        "name": "wt_repo_canonical_be9ff5d9",
        "target": "repo"
      }
    ]
  },
  "error": null,
  "notices": [],
  "ok": true,
  "wt": {
    "schema": 1,
    "version": "<version>"
  }
}
