---
source: tests/json_snapshots.rs
expression: "normalize(value, &h.root)"
---
{
  "command": "register",
  "data": {
    "config_errors": [],
    "declared": {
      "bin": [],
      "copy": [],
      "env": [
        "APP_PORT"
      ],
      "files": [
        ".wt/generated"
      ],
      "ports": [
        "http"
      ],
      "resources": [
        {
          "scope": ".",
          "snapshot_keys": [],
          "task": "service",
          "tied_to": "tree"
        }
      ],
      "tasks": [
        "build",
        "fmt",
        "hello",
        "lint",
        "service",
        "sync",
        "test",
        "verify"
      ]
    },
    "gitdir_id": "<gitdir_id>",
    "label": "repo",
    "path": "$ROOT/repos/repo",
    "registered": true,
    "resumed": false,
    "tree": {
      "agent": null,
      "behind_default": 0,
      "branch": "main",
      "cache_kb": null,
      "canonical": true,
      "detached_sha": null,
      "dirty": {
        "modified": 0,
        "untracked": 0
      },
      "disk_kb": null,
      "geometry": {
        "base": 20000,
        "port_base": 20000,
        "stride": 16
      },
      "label": "repo",
      "meta": {},
      "name": "canonical",
      "path": "$ROOT/repos/repo",
      "phase": "ready",
      "ports": [
        {
          "bound": false,
          "name": "http",
          "port": 20000
        }
      ],
      "resources": [
        {
          "external": false,
          "has_instance": false,
          "holder": null,
          "last_error": null,
          "last_probe": null,
          "name": "repo_canonical_87657c73_service",
          "reason": null,
          "scope": ".",
          "state": "declared",
          "task": "service",
          "tied_to": "tree",
          "undeclared": false
        }
      ],
      "session": "no",
      "session_name": "wt_repo_canonical_be9ff5d9",
      "slot": 0,
      "sync": {
        "at": null,
        "changed": [],
        "drift": [],
        "state": "never"
      },
      "target": "repo",
      "tree_id": "<tree_id>",
      "upstream": {
        "ahead": 0,
        "behind": 0
      },
      "verify": null
    }
  },
  "error": null,
  "notices": [
    {
      "code": "SESSION_BACKEND_SELECTED",
      "level": "info",
      "message": "sessions: tmux 3.4 (set session.backend to change)",
      "subject": null
    }
  ],
  "ok": true,
  "wt": {
    "schema": 1,
    "version": "<version>"
  }
}
