---
source: tests/json_snapshots.rs
assertion_line: 128
expression: "normalize(value, &h.root)"
---
{
  "command": "config",
  "data": {
    "entries": [
      {
        "key": "effective",
        "layer": "merged",
        "scope": ".",
        "value": {
          "adapters": {},
          "bin": [],
          "commands": [],
          "copy": [],
          "detect": {
            "depth": null,
            "ignore": null
          },
          "dirs": {},
          "env": {
            "APP_PORT": "${ports.http}"
          },
          "files": {
            ".wt/generated": {
              "content": "port=${ports.http}",
              "marker": "#",
              "mode": "0644",
              "source": null
            }
          },
          "ports": [
            "http"
          ],
          "sync_inputs": [
            "README.md"
          ],
          "task": {
            "build": {
              "cwd": null,
              "description": null,
              "destroy": null,
              "env": {},
              "exclusive": null,
              "exists": null,
              "lock": null,
              "name": null,
              "needs": [],
              "ready_within": null,
              "run": "true",
              "snapshot_env": [],
              "tied_to": null,
              "timeout": null
            },
            "fmt": {
              "cwd": null,
              "description": null,
              "destroy": null,
              "env": {},
              "exclusive": null,
              "exists": null,
              "lock": null,
              "name": null,
              "needs": [],
              "ready_within": null,
              "run": "true",
              "snapshot_env": [],
              "tied_to": null,
              "timeout": null
            },
            "hello": {
              "cwd": null,
              "description": null,
              "destroy": null,
              "env": {},
              "exclusive": null,
              "exists": null,
              "lock": null,
              "name": null,
              "needs": [],
              "ready_within": null,
              "run": "true",
              "snapshot_env": [],
              "tied_to": null,
              "timeout": null
            },
            "lint": {
              "cwd": null,
              "description": null,
              "destroy": null,
              "env": {},
              "exclusive": null,
              "exists": null,
              "lock": null,
              "name": null,
              "needs": [],
              "ready_within": null,
              "run": "true",
              "snapshot_env": [],
              "tied_to": null,
              "timeout": null
            },
            "service": {
              "cwd": null,
              "description": null,
              "destroy": "rm -f \"$WT_ROOT/.service\"",
              "env": {},
              "exclusive": null,
              "exists": "test -f \"$WT_ROOT/.service\"",
              "lock": null,
              "name": null,
              "needs": [],
              "ready_within": null,
              "run": "touch \"$WT_ROOT/.service\"",
              "snapshot_env": [],
              "tied_to": "tree",
              "timeout": null
            },
            "sync": {
              "cwd": null,
              "description": null,
              "destroy": null,
              "env": {},
              "exclusive": null,
              "exists": null,
              "lock": null,
              "name": null,
              "needs": [],
              "ready_within": null,
              "run": "true",
              "snapshot_env": [],
              "tied_to": null,
              "timeout": null
            },
            "test": {
              "cwd": null,
              "description": null,
              "destroy": null,
              "env": {},
              "exclusive": null,
              "exists": null,
              "lock": null,
              "name": null,
              "needs": [],
              "ready_within": null,
              "run": "true",
              "snapshot_env": [],
              "tied_to": null,
              "timeout": null
            },
            "verify": {
              "cwd": null,
              "description": null,
              "destroy": null,
              "env": {},
              "exclusive": null,
              "exists": null,
              "lock": null,
              "name": null,
              "needs": [],
              "ready_within": null,
              "run": "true",
              "snapshot_env": [],
              "tied_to": null,
              "timeout": null
            }
          },
          "vars": {}
        }
      }
    ],
    "target": "repo"
  },
  "error": null,
  "notices": [],
  "ok": true,
  "wt": {
    "schema": 1,
    "version": "<version>"
  }
}
