---
source: tests/json_snapshots.rs
expression: "normalize(value, &h.root)"
---
{
  "command": "close",
  "data": {
    "sessions": [
      {
        "closed": true,
        "session": "repo",
        "target": "repo"
      }
    ]
  },
  "error": null,
  "notices": [],
  "ok": true,
  "wt": {
    "schema": 1,
    "version": "<version>"
  }
}
