---
source: tests/json_snapshots.rs
assertion_line: 128
expression: "normalize(value, &h.root)"
---
{
  "command": "remove",
  "data": {
    "branch_deleted": true,
    "branch_kept": null,
    "destroyed": [
      {
        "child": null,
        "scope": ".",
        "state": "dropped",
        "task": "service"
      }
    ],
    "orphans_kept": [],
    "removed": true,
    "session_closed": true,
    "target": "repo/work"
  },
  "error": null,
  "notices": [],
  "ok": true,
  "wt": {
    "schema": 1,
    "version": "<version>"
  }
}
