---
source: tests/json_snapshots.rs
expression: "normalize(value, &h.root)"
---
{
  "command": "shell-init",
  "data": {
    "script": "if [ -n \"$WT_PATH_PREFIX\" ] && [ \"${PATH#\"$WT_PATH_PREFIX:\"}\" = \"$PATH\" ]; then PATH=\"$WT_PATH_PREFIX:$PATH\"; export PATH; echo \"wt: PATH_NOT_SHADOWED — re-prepended $WT_PATH_PREFIX\" >&2; fi\nif [ -n \"${WT_TARGET:-}\" ]; then case \"${PS1:-}\" in \"($WT_TARGET) \"*) ;; *) PS1=\"($WT_TARGET) ${PS1:-}\" ;; esac; fi",
    "shell": "zsh"
  },
  "error": null,
  "notices": [],
  "ok": true,
  "wt": {
    "schema": 1,
    "version": "<version>"
  }
}
