---
source: tests/json_snapshots.rs
expression: "normalize(value, &h.root)"
---
{
  "command": "doctor",
  "data": {
    "counts": {
      "error": 0,
      "info": 2,
      "warn": 0
    },
    "findings": [
      {
        "code": "NO_ADAPTER",
        "message": "no built-in adapter matched this checkout",
        "remedy": "configure tasks explicitly or add a supported project manifest",
        "severity": "info",
        "subject": "repo"
      },
      {
        "code": "SESSION_BACKEND",
        "message": "session backend is tmux",
        "remedy": "set `session.backend` in `$WT_HOME/config.toml` to change it",
        "severity": "info",
        "subject": "sessions"
      }
    ]
  },
  "error": null,
  "notices": [],
  "ok": true,
  "wt": {
    "schema": 1,
    "version": "<version>"
  }
}
